
> agendapro-mvp@1.0.0 build
> vite build

[36mvite v5.4.21 [32mbuilding for production...[36m[39m
transforming...
[32mÔ£ô[39m 1722 modules transformed.
rendering chunks...
computing gzip size...
[2mdist/[22m[32mindex.html                [39m[1m[2m  1.61 kB[22m[1m[22m[2m Ôöé gzip:   0.75 kB[22m
[2mdist/[22m[36massets/index-B6l-jn8Q.js  [39m[1m[33m671.96 kB[39m[22m[2m Ôöé gzip: 190.63 kB[22m
npm : [33m
En línea: 1 Carácter: 1
+ npm run build > build_output.txt 2>&1
+ ~~~~~~~~~~~~~~~~~~~~~~~~~~~~~~~~~~~~~
    + CategoryInfo          : NotSpecified: ([33m:String) 
    [], RemoteException
    + FullyQualifiedErrorId : NativeCommandError
 
(!) Some chunks are larger than 500 kB after minification. 
Consider:
- Using dynamic import() to code-split the application
- Use build.rollupOptions.output.manualChunks to improve 
chunking: https://rollupjs.org/configuration-options/#outpu
t-manualchunks
- Adjust chunk size limit for this warning via 
build.chunkSizeWarningLimit.[39m
[32mÔ£ô built in 5.52s[39m
